error: Invalid pallet::call, too many call_index attributes given
  --> tests/pallet_ui/call_multiple_call_index.rs:34:7
   |
34 |         pub fn foo(origin: OriginFor<T>) -> DispatchResultWithPostInfo {}
   |             ^^
