error: Number literal must not have a suffix
  --> tests/pallet_ui/call_index_has_suffix.rs:31:30
   |
31 |         #[pallet::call_index(0something)]
   |                              ^^^^^^^^^^
