error: unused import: `frame_system::pallet_prelude::OriginFor`
  --> tests/pallet_ui/task_invalid_weight.rs:21:6
   |
21 |     use frame_system::pallet_prelude::OriginFor;
   |         ^^^^^^^^^^^^^^^^^^^^^^^^^^^^^^^^^^^^^^^
   |
   = note: `-D unused-imports` implied by `-D warnings`
   = help: to override `-D warnings` add `#[allow(unused_imports)]`

error[E0308]: mismatched types
  --> tests/pallet_ui/task_invalid_weight.rs:18:1
   |
18 | #[frame_support::pallet(dev_mode)]
   | ^^^^^^^^^^^^^^^^^^^^^^^^^^^^^^^^^^
   | |
   | expected integer, found `()`
   | expected due to this
   |
   = note: this error originates in the attribute macro `frame_support::pallet` (in Nightly builds, run with -Z macro-backtrace for more info)

error[E0308]: mismatched types
  --> tests/pallet_ui/task_invalid_weight.rs:34:25
   |
18 | #[frame_support::pallet(dev_mode)]
   | ---------------------------------- expected `Weight` because of return type
...
34 |         #[pallet::task_weight("0")]
   |                               ^^^ expected `Weight`, found `&str`
