error: Benchmark parameter names must consist of a single lowercase letter (a-z) and no other characters.
  --> tests/benchmark_ui/bad_param_name.rs:27:11
   |
27 |     fn bench(winton: Linear<1, 2>) {
   |              ^^^^^^
