error[E0053]: method `test` has an incompatible type for trait
  --> tests/ui/impl_incorrect_method_signature.rs:33:17
   |
33 |         fn test(data: String) {}
   |                       ^^^^^^
   |                       |
   |                       expected `u64`, found `std::string::String`
   |                       help: change the parameter type to match the trait: `u64`
   |
note: type in trait
  --> tests/ui/impl_incorrect_method_signature.rs:27:17
   |
27 |         fn test(data: u64);
   |                       ^^^
   = note: expected signature `fn(u64)`
              found signature `fn(std::string::String)`

error[E0308]: mismatched types
  --> tests/ui/impl_incorrect_method_signature.rs:33:11
   |
31 | / sp_api::impl_runtime_apis! {
32 | |     impl self::Api<Block> for Runtime {
33 | |         fn test(data: String) {}
   | |                 ^^^^ expected `u64`, found `String`
34 | |     }
...  |
46 | |     }
47 | | }
   | |_- arguments to this function are incorrect
   |
note: associated function defined here
  --> tests/ui/impl_incorrect_method_signature.rs:27:6
   |
27 |         fn test(data: u64);
   |            ^^^^
