{
  "name": "Custom",
  "id": "custom",
  "chainType": "Live",
  "bootNodes": [],
  "telemetryEndpoints": null,
  "protocolId": null,
  "properties": {
    "tokenDecimals": 12,
    "tokenSymbol": "UNIT"
  },
  "relay_chain": "rococo-local",
  "para_id": 10101,
  "custom_field": "custom_value",
  "codeSubstitutes": {},
  "genesis": {
    "raw": {
      "childrenDefault": {},
      "top": {
        "0x00771836bebdd29870ff246d305c578c4e7b9012096b41c4eb3aaf947f6ea429": "0x0000",
        "0x00771836bebdd29870ff246d305c578c5e0621c4869aa60c02be9adcc98a0d1d": "0x00",
        "0x1cb6f36e027abb2091cfb5110ab5087f4e7b9012096b41c4eb3aaf947f6ea429": "0x0000",
        "0x1cb6f36e027abb2091cfb5110ab5087f66e8f035c8adbe7f1547b43c51e6f8a4": "0x00000000",
        "0x1cb6f36e027abb2091cfb5110ab5087fdc6b171b77304263c292cc3ea5ed31ef": "0x0100000000000000040000000000000002",
        "0x26aa394eea5630e07c48ae0c9558cef74e7b9012096b41c4eb3aaf947f6ea429": "0x0000",
        "0x26aa394eea5630e07c48ae0c9558cef75684a022a34dd8bfa2baaf44f172b710": "0x01",
        "0x26aa394eea5630e07c48ae0c9558cef78a42f33323cb5ced3b44dd825fda9fcc": "0x4545454545454545454545454545454545454545454545454545454545454545",
        "0x26aa394eea5630e07c48ae0c9558cef7a44704b568d21667356a5a050c118746bb1bdbcacd6ac9340000000000000000": "0x4545454545454545454545454545454545454545454545454545454545454545",
        "0x26aa394eea5630e07c48ae0c9558cef7a7fd6c28836b9a28522dc924110cf439": "0x01",
        "0x26aa394eea5630e07c48ae0c9558cef7f9cce9c888469bb1a0dceaa129672ef8": "0x0000",
        "0x3a636f6465": "0x010203",
        "0x3a65787472696e7369635f696e646578": "0x00000000",
        "0xc2261276cc9d1f8598ea4b6a74b15c2f4e7b9012096b41c4eb3aaf947f6ea429": "0x0100",
        "0xc2261276cc9d1f8598ea4b6a74b15c2f57c875e4cff74148e4628f264b974c80": "0x0000000000000000"
      }
    }
  }
}
