error: `Config` was already declared before. Please remove the duplicate declaration
  --> tests/construct_runtime_ui/double_module_parts.rs:24:37
   |
24 |         Balance: balances::{Config, Call, Config<T>, Origin<T>},
   |                                           ^^^^^^
