error: Expected `builder(loads_holding)`
  --> tests/ui/builder_pattern/unexpected_attribute.rs:25:5
   |
25 |     #[builder(funds_holding)]
   |     ^^^^^^^^^^^^^^^^^^^^^^^^^
